
> organicai-compass-frontend@0.1.0 dev
> vite --host 0.0.0.0 --port 5173

12:56:17 [vite] (client) Re-optimizing dependencies because lockfile has changed

  VITE v6.4.2  ready in 828 ms

  ➜  Local:   http://localhost:5173/
  ➜  Network: http://192.168.56.1:5173/
  ➜  Network: http://192.168.40.126:5173/
12:58:06 [vite] (client) hmr update /src/pages/AboutPage.tsx, /src/styles/globals.css
12:58:06 [vite] (client) page reload src/components/three/AboutCompassScene.tsx
12:59:01 [vite] (client) hmr update /src/styles/globals.css
13:12:40 [vite] (client) hmr update /src/pages/AboutPage.tsx, /src/styles/globals.css
13:13:17 [vite] (client) hmr update /src/pages/AboutPage.tsx
13:13:17 [vite] (client) hmr update /src/pages/AboutPage.tsx
13:13:34 [vite] (client) hmr update /src/components/three/AboutCompassScene.tsx, /src/styles/globals.css
13:13:37 [vite] (client) hmr update /src/components/public/PublicFooter.tsx, /src/styles/globals.css
13:13:49 [vite] (client) hmr update /src/components/public/PublicFooter.tsx
13:15:29 [vite] (client) hmr update /src/styles/globals.css
13:17:34 [vite] (client) hmr update /src/styles/globals.css
13:18:36 [vite] (client) hmr update /src/styles/globals.css
13:18:42 [vite] (client) hmr update /src/styles/globals.css
13:19:37 [vite] (client) hmr update /src/styles/globals.css
15:07:33 [vite] (client) hmr update /src/pages/AboutPage.tsx, /src/styles/globals.css
15:08:20 [vite] (client) hmr update /src/styles/globals.css
15:08:40 [vite] (client) hmr update /src/components/three/AboutCompassScene.tsx, /src/styles/globals.css
15:08:48 [vite] (client) hmr update /src/styles/globals.css
15:09:08 [vite] (client) hmr update /src/styles/globals.css
15:10:14 [vite] (client) hmr update /src/styles/globals.css
15:10:43 [vite] (client) hmr update /src/pages/AboutPage.tsx, /src/styles/globals.css
15:10:51 [vite] (client) hmr update /src/styles/globals.css
15:12:06 [vite] (client) hmr update /src/pages/AboutPage.tsx, /src/styles/globals.css
15:12:12 [vite] (client) hmr update /src/styles/globals.css
15:51:32 [vite] (client) hmr update /src/pages/AboutPage.tsx, /src/styles/globals.css
15:51:39 [vite] (client) hmr update /src/pages/AboutPage.tsx, /src/styles/globals.css
15:52:07 [vite] (client) hmr update /src/components/three/AboutCompassScene.tsx, /src/styles/globals.css
15:52:08 [vite] (client) ✨ new dependencies optimized: three
15:52:08 [vite] (client) ✨ optimized dependencies changed. reloading
15:53:02 [vite] (client) hmr update /src/styles/globals.css
15:53:13 [vite] (client) hmr update /src/styles/globals.css
15:53:28 [vite] (client) hmr update /src/styles/globals.css
15:54:34 [vite] (client) hmr update /src/styles/globals.css
21:02:43 [vite] (client) hmr update /src/pages/AboutPage.tsx, /src/styles/globals.css
21:03:04 [vite] (client) hmr update /src/styles/globals.css
21:03:52 [vite] (client) hmr update /src/styles/globals.css
21:38:59 [vite] (client) hmr update /src/pages/AboutPage.tsx, /src/styles/globals.css
21:39:47 [vite] (client) hmr update /src/styles/globals.css
21:41:31 [vite] (client) hmr update /src/styles/globals.css
21:41:52 [vite] (client) hmr update /src/styles/globals.css
21:42:07 [vite] (client) hmr update /src/styles/globals.css
21:42:26 [vite] (client) hmr update /src/styles/globals.css
21:42:33 [vite] (client) hmr update /src/styles/globals.css
21:42:44 [vite] (client) hmr update /src/components/three/AboutCompassScene.tsx, /src/styles/globals.css
22:16:39 [vite] (client) hmr update /src/pages/AboutPage.tsx, /src/styles/globals.css
22:16:39 [vite] (client) hmr update /src/styles/globals.css
22:16:43 [vite] (client) hmr update /src/styles/globals.css
22:44:31 [vite] (client) hmr update /src/pages/AboutPage.tsx, /src/styles/globals.css
22:44:31 [vite] (client) hmr update /src/components/three/AboutCompassScene.tsx, /src/styles/globals.css
22:44:55 [vite] (client) hmr update /src/styles/globals.css
22:45:45 [vite] (client) hmr update /src/styles/globals.css
22:45:52 [vite] (client) hmr update /src/styles/globals.css
22:47:03 [vite] (client) hmr update /src/styles/globals.css
22:47:39 [vite] (client) hmr update /src/components/three/AboutCompassScene.tsx, /src/styles/globals.css
22:47:39 [vite] (client) hmr update /src/styles/globals.css
